[templates.thememodern.com/engitech/index.html]
[backblue.gif]
[fade.gif]
[index.html]
[templates.thememodern.com/engitech/images/favicon.png]
[templates.thememodern.com/engitech/index-2.html]
[templates.thememodern.com/engitech/index-3.html]
[templates.thememodern.com/engitech/index-4.html]
[templates.thememodern.com/engitech/index-5.html]
[templates.thememodern.com/engitech/index-6.html]
[templates.thememodern.com/engitech/about-us.html]
[templates.thememodern.com/engitech/why-choose-us.html]
[templates.thememodern.com/engitech/our-team.html]
[templates.thememodern.com/engitech/single-team.html]
[templates.thememodern.com/engitech/shop.html]
[templates.thememodern.com/engitech/single-product.html]
[templates.thememodern.com/engitech/checkout-page.html]
[templates.thememodern.com/engitech/cart-page.html]
[templates.thememodern.com/engitech/typography.html]
[templates.thememodern.com/engitech/elements.html]
[templates.thememodern.com/engitech/faq.html]
[templates.thememodern.com/engitech/404-error.html]
[templates.thememodern.com/engitech/cooming-soon.html]
[templates.thememodern.com/engitech/it-services.html]
[templates.thememodern.com/engitech/web-development.html]
[templates.thememodern.com/engitech/mobile-development.html]
[templates.thememodern.com/engitech/portfolio-masonry.html]
[templates.thememodern.com/engitech/portfolio-carousel.html]
[templates.thememodern.com/engitech/portfolio-grid.html]
[templates.thememodern.com/engitech/portfolio-4-column.html]
[templates.thememodern.com/engitech/portfolio-no-gap.html]
[templates.thememodern.com/engitech/portfolio-details-1.html]
[templates.thememodern.com/engitech/portfolio-details-2.html]
[templates.thememodern.com/engitech/portfolio-details-3.html]
[templates.thememodern.com/engitech/blog.html]
[templates.thememodern.com/engitech/blog-grid.html]
[templates.thememodern.com/engitech/post.html]
[templates.thememodern.com/engitech/contact.html]
[templates.thememodern.com/engitech/images/slider/slide1-home1.jpg]
[templates.thememodern.com/engitech/images/slider/slide2-home1.jpg]
[templates.thememodern.com/engitech/images/slider/slide3-home1.jpg]
[templates.thememodern.com/engitech/images/client-logos/client4.png]
[templates.thememodern.com/engitech/images/home-about-small-1.jpg]
[templates.thememodern.com/engitech/images/home-about-small-2.jpg]
[templates.thememodern.com/engitech/images/projects/project7-720x520.jpg]
[templates.thememodern.com/engitech/images/projects/project-720x520.jpg]
[templates.thememodern.com/engitech/images/projects/project3-720x520.jpg]
[templates.thememodern.com/engitech/images/projects/project4-720x520.jpg]
[templates.thememodern.com/engitech/images/projects/project8-720x520.jpg]
[templates.thememodern.com/engitech/images/testi2.png]
[templates.thememodern.com/engitech/images/testi1.png]
[templates.thememodern.com/engitech/images/logo-light.png]
[templates.thememodern.com/engitech/js/jquery.min.js]
[templates.thememodern.com/engitech/js/jquery.magnific-popup.min.js]
[templates.thememodern.com/engitech/js/jquery.isotope.min.js]
[templates.thememodern.com/engitech/js/owl.carousel.min.js]
[templates.thememodern.com/engitech/js/easypiechart.min.js]
[templates.thememodern.com/engitech/js/jquery.countdown.min.js]
[templates.thememodern.com/engitech/js/scripts.js]
[templates.thememodern.com/engitech/js/header-mobile.js]
[templates.thememodern.com/engitech/plugins/revolution/revolution/js/jquery.themepunch.tools.min.js]
[templates.thememodern.com/engitech/plugins/revolution/revolution/js/jquery.themepunch.revolution.min.js]
[templates.thememodern.com/engitech/plugins/revolution/revolution/js/extensions/revolution-plugin.js]
[templates.thememodern.com/engitech/js/rev-script-2.js]
[templates.thememodern.com/engitech/js/royal_preloader.min.js]
[templates.thememodern.com/engitech/index.html]
[templates.thememodern.com/engitech/css/bootstrap.min.css]
[templates.thememodern.com/engitech/fonts/fa-brands-400.eot]
[templates.thememodern.com/engitech/fonts/fa-brands-400d41d.eot]
[templates.thememodern.com/engitech/fonts/fa-brands-400.woff2]
[templates.thememodern.com/engitech/fonts/fa-brands-400.woff]
[templates.thememodern.com/engitech/fonts/fa-brands-400.ttf]
[templates.thememodern.com/engitech/fonts/fa-regular-400.eot]
[templates.thememodern.com/engitech/fonts/fa-regular-400d41d.eot]
[templates.thememodern.com/engitech/fonts/fa-regular-400.woff2]
[templates.thememodern.com/engitech/fonts/fa-regular-400.woff]
[templates.thememodern.com/engitech/fonts/fa-regular-400.ttf]
[templates.thememodern.com/engitech/fonts/fa-solid-900.eot]
[templates.thememodern.com/engitech/fonts/fa-solid-900d41d.eot]
[templates.thememodern.com/engitech/fonts/fa-solid-900.woff2]
[templates.thememodern.com/engitech/fonts/fa-solid-900.woff]
[templates.thememodern.com/engitech/fonts/fa-solid-900.ttf]
[templates.thememodern.com/engitech/css/font-awesome.min.css]
[templates.thememodern.com/engitech/fonts/Flaticon.eot]
[templates.thememodern.com/engitech/fonts/Flaticond41d.eot]
[templates.thememodern.com/engitech/fonts/Flaticon.woff2]
[templates.thememodern.com/engitech/fonts/Flaticon.woff]
[templates.thememodern.com/engitech/fonts/Flaticon.ttf]
[templates.thememodern.com/engitech/css/Flaticon.svg]
[templates.thememodern.com/engitech/css/flaticon.css]
[templates.thememodern.com/engitech/css/owl.video.play.png]
[templates.thememodern.com/engitech/css/owl.carousel.min.css]
[templates.thememodern.com/engitech/css/owl.theme.css]
[templates.thememodern.com/engitech/css/magnific-popup.css]
[templates.thememodern.com/engitech/images/bg-pheader.jpg]
[templates.thememodern.com/engitech/images/home-about.jpg]
[templates.thememodern.com/engitech/images/bg-counter-1.jpg]
[templates.thememodern.com/engitech/images/bg-counter-2.jpg]
[templates.thememodern.com/engitech/images/background/bg-cta1-home1.jpg]
[templates.thememodern.com/engitech/images/background/bg-tech-home1.jpg]
[templates.thememodern.com/engitech/images/background/bg-banner-home2.png]
[templates.thememodern.com/engitech/images/background/bg-particle1.png]
[templates.thememodern.com/engitech/images/background/bg-cta1.jpg]
[templates.thememodern.com/engitech/images/background/bg-cta-home2.jpg]
[templates.thememodern.com/engitech/images/background/banner-home3.jpg]
[templates.thememodern.com/engitech/images/background/bg-s1-home3.png]
[templates.thememodern.com/engitech/images/background/bg-s2-home3.jpg]
[templates.thememodern.com/engitech/images/background/bg-art-home4.png]
[templates.thememodern.com/engitech/images/background/bg-art-2.png]
[templates.thememodern.com/engitech/images/background/bg-art2-home4.png]
[templates.thememodern.com/engitech/images/background/bg-art3-home4.png]
[templates.thememodern.com/engitech/images/background/bg-s1-home4.jpg]
[templates.thememodern.com/engitech/images/background/bg-banner-home5.png]
[templates.thememodern.com/engitech/images/bg-icon-box1.jpg]
[templates.thememodern.com/engitech/images/bg-icon-box2.jpg]
[templates.thememodern.com/engitech/images/bg-icon-box3.jpg]
[templates.thememodern.com/engitech/images/bg-icon-box4.jpg]
[templates.thememodern.com/engitech/images/bg-icon-box5.jpg]
[templates.thememodern.com/engitech/images/bg-icon-box6.jpg]
[templates.thememodern.com/engitech/images/background/bg-art-5.png]
[templates.thememodern.com/engitech/images/background/bg-art-6.png]
[templates.thememodern.com/engitech/images/background/bg-map-dark.jpg]
[templates.thememodern.com/engitech/images/background/bg-maps-dots.jpg]
[templates.thememodern.com/engitech/images/background/bg-art-3.png]
[templates.thememodern.com/engitech/images/background/bg-art-4.png]
[templates.thememodern.com/engitech/images/background/bg-maps.jpg]
[templates.thememodern.com/engitech/images/background/bg-cs.jpg]
[templates.thememodern.com/engitech/images/background/bg-maps-dots-alt.jpg]
[templates.thememodern.com/engitech/images/background/bg1-service1.jpg]
[templates.thememodern.com/engitech/images/background/bg-art-1.png]
[templates.thememodern.com/engitech/images/background/bg-footer1.png]
[templates.thememodern.com/engitech/style.css]
[templates.thememodern.com/engitech/css/royal-preload.css]
[templates.thememodern.com/engitech/plugins/revolution/revolution/fonts/revicons/revicons90c6.eot]
[templates.thememodern.com/engitech/plugins/revolution/revolution/fonts/revicons/revicons90c6.woff]
[templates.thememodern.com/engitech/plugins/revolution/revolution/fonts/revicons/revicons90c6.ttf]
[templates.thememodern.com/engitech/plugins/revolution/revolution/assets/gridtile.png]
[templates.thememodern.com/engitech/plugins/revolution/revolution/assets/gridtile_white.png]
[templates.thememodern.com/engitech/plugins/revolution/revolution/assets/gridtile_3x3.png]
[templates.thememodern.com/engitech/plugins/revolution/revolution/assets/gridtile_3x3_white.png]
[templates.thememodern.com/engitech/plugins/revolution/revolution/assets/coloredbg.png]
[templates.thememodern.com/engitech/plugins/revolution/revolution/assets/loader.gif]
[templates.thememodern.com/engitech/plugins/revolution/revolution/css/settings.css]
[templates.thememodern.com/engitech/plugins/revolution/revolution/css/navigation.css]
[templates.thememodern.com/engitech/index-2.html]
[templates.thememodern.com/engitech/images/logo.svg]
[templates.thememodern.com/engitech/images/big-logo-home2.png]
[templates.thememodern.com/engitech/images/flipbox1.jpg]
[templates.thememodern.com/engitech/images/flipbox2.jpg]
[templates.thememodern.com/engitech/images/flipbox3.jpg]
[templates.thememodern.com/engitech/images/image1-home2.png]
[templates.thememodern.com/engitech/images/projects/720x720/project1-720x720.jpg]
[templates.thememodern.com/engitech/images/projects/720x720/project2-720x720.jpg]
[templates.thememodern.com/engitech/images/projects/720x720/project3-720x720.jpg]
[templates.thememodern.com/engitech/images/projects/720x720/project4-720x720.jpg]
[templates.thememodern.com/engitech/images/projects/720x720/project6-720x720.jpg]
[templates.thememodern.com/engitech/images/projects/720x720/project5-720x720.jpg]
[templates.thememodern.com/engitech/images/b-image.png]
[templates.thememodern.com/engitech/images/g-image.png]
[templates.thememodern.com/engitech/images/t-image.png]
[templates.thememodern.com/engitech/images/r-image.png]
[templates.thememodern.com/engitech/services.html]
[templates.thememodern.com/engitech/portfolio.html]
[templates.thememodern.com/engitech/twitter.com]
[templates.thememodern.com/engitech/facebook.com]
[templates.thememodern.com/engitech/linkedin.com]
[templates.thememodern.com/engitech/instagram.com]
[templates.thememodern.com/engitech/index-3.html]
[templates.thememodern.com/engitech/images/image1-home3.png]
[templates.thememodern.com/engitech/images/image-box1.jpg]
[templates.thememodern.com/engitech/images/image-box2.jpg]
[templates.thememodern.com/engitech/images/image-box3.jpg]
[templates.thememodern.com/engitech/images/image-box4.jpg]
[templates.thememodern.com/engitech/images/member1.jpg]
[templates.thememodern.com/engitech/pinterest.com]
[templates.thememodern.com/engitech/images/member2.jpg]
[templates.thememodern.com/engitech/linkedin-2.html]
[templates.thememodern.com/engitech/pinterest-2.html]
[templates.thememodern.com/engitech/images/member3.jpg]
[templates.thememodern.com/engitech/images/member4.jpg]
[templates.thememodern.com/engitech/index-4.html]
[templates.thememodern.com/engitech/images/slider/slide1-home4.jpg]
[templates.thememodern.com/engitech/images/slider/slide2-home4.jpg]
[templates.thememodern.com/engitech/images/slider/slide3-home4.jpg]
[templates.thememodern.com/engitech/images/image1-home4.png]
[templates.thememodern.com/engitech/images/blog1-601x520.jpg]
[templates.thememodern.com/engitech/images/blog4-601x520.jpg]
[templates.thememodern.com/engitech/portfolio-details-3.html/index.html]
[templates.thememodern.com/engitech/images/blog3-601x520.jpg]
[templates.thememodern.com/engitech/bog.html]
[templates.thememodern.com/engitech/js/rev-script-3.js]
[templates.thememodern.com/engitech/index-5.html]
[templates.thememodern.com/engitech/images/image-banner-home5.png]
[templates.thememodern.com/engitech/images/image1-home5.png]
[templates.thememodern.com/engitech/images/fun-fact1.jpg]
[templates.thememodern.com/engitech/images/fun-fact2.jpg]
[templates.thememodern.com/engitech/index-6.html]
[templates.thememodern.com/engitech/images/image1-about.png]
[templates.thememodern.com/engitech/it.html]
[templates.thememodern.com/engitech/images/image2-about.png]
[templates.thememodern.com/engitech/about-us.html]
[templates.thememodern.com/engitech/images/man1.png]
[templates.thememodern.com/engitech/htportfolio-details-1.html]
[templates.thememodern.com/engitech/why-choose-us.html]
[templates.thememodern.com/engitech/images/background/top-team.png]
[templates.thememodern.com/engitech/images/engtech.png]
[templates.thememodern.com/engitech/images/member5.jpg]
[templates.thememodern.com/engitech/images/member6.jpg]
[templates.thememodern.com/engitech/images/member7.jpg]
[templates.thememodern.com/engitech/images/member8.jpg]
[templates.thememodern.com/engitech/our-team.html]
[templates.thememodern.com/engitech/images/single-team1.jpg]
[templates.thememodern.com/engitech/single-team.html]
[templates.thememodern.com/engitech/images/product/product-3.jpg]
[templates.thememodern.com/engitech/images/product/product-6.jpg]
[templates.thememodern.com/engitech/images/product/product-5.jpg]
[templates.thememodern.com/engitech/cart.d7.delayed]
[templates.thememodern.com/engitech/checkout.html]
[templates.thememodern.com/engitech/images/product/product-1.jpg]
[templates.thememodern.com/engitech/single=product.html]
[templates.thememodern.com/engitech/images/product/product-2.jpg]
[templates.thememodern.com/engitech/images/product/product-4.jpg]
[templates.thememodern.com/engitech/images/product/product-7.jpg]
[templates.thememodern.com/engitech/images/product/product-8.jpg]
[templates.thememodern.com/engitech/images/product/product-9.jpg]
[templates.thememodern.com/engitech/images/product/product-10.jpg]
[templates.thememodern.com/engitech/images/product/product-11.jpg]
[templates.thememodern.com/engitech/images/product/product-12.jpg]
[templates.thememodern.com/engitech/shop.html]
[templates.thememodern.com/engitech/images/product/single-product-1.jpg]
[templates.thememodern.com/engitech/images/product/single-product-2.jpg]
[templates.thememodern.com/engitech/images/product/single-product-3.jpg]
[templates.thememodern.com/engitech/images/product/single-product-4.jpg]
[templates.thememodern.com/engitech/images/author-review.jpg]
[templates.thememodern.com/engitech/js/Drift.min.js]
[templates.thememodern.com/engitech/single-product.html]
[templates.thememodern.com/engitech/checkout-page.html]
[templates.thememodern.com/engitech/cart-page.html]
[templates.thememodern.com/engitech/typography.html]
[templates.thememodern.com/engitech/images/support1.jpg]
[templates.thememodern.com/engitech/images/support2.jpg]
[templates.thememodern.com/engitech/images/support3.jpg]
[templates.thememodern.com/engitech/elements.html]
[templates.thememodern.com/engitech/web-development,html.ed.delayed]
[templates.thememodern.com/engitech/faq.html]
[templates.thememodern.com/engitech/images/404-error.png]
[templates.thememodern.com/engitech/404-error.html]
[templates.thememodern.com/engitech/images/logo-cs.png]
[templates.thememodern.com/engitech/cooming-soon.html]
[templates.thememodern.com/engitech/it-services.html]
[templates.thememodern.com/engitech/images/pic1-service1.png]
[templates.thememodern.com/engitech/web-development.html]
[templates.thememodern.com/engitech/images/app-watch-1.jpg]
[templates.thememodern.com/engitech/images/apple-w.png]
[templates.thememodern.com/engitech/mobile-development.html]
[templates.thememodern.com/engitech/images/projects/masonry/project1.jpg]
[templates.thememodern.com/engitech/images/projects/masonry/project2.jpg]
[templates.thememodern.com/engitech/images/projects/masonry/project3.jpg]
[templates.thememodern.com/engitech/images/projects/masonry/project4.jpg]
[templates.thememodern.com/engitech/images/projects/masonry/project5.jpg]
[templates.thememodern.com/engitech/images/projects/masonry/project6.jpg]
[templates.thememodern.com/engitech/images/projects/masonry/project7.jpg]
[templates.thememodern.com/engitech/images/projects/masonry/project8.jpg]
[templates.thememodern.com/engitech/images/projects/masonry/project9.jpg]
[templates.thememodern.com/engitech/images/projects/masonry/project10.jpg]
[templates.thememodern.com/engitech/images/projects/masonry/project11.jpg]
[templates.thememodern.com/engitech/images/projects/masonry/project12.jpg]
[templates.thememodern.com/engitech/portfolio-masonry.html]
[templates.thememodern.com/engitech/portfolio-carousel.html]
[templates.thememodern.com/engitech/images/projects/720x720/project7-720x720.jpg]
[templates.thememodern.com/engitech/images/projects/720x720/project8-720x720.jpg]
[templates.thememodern.com/engitech/images/projects/720x720/project9-720x720.jpg]
[templates.thememodern.com/engitech/images/projects/720x720/project10-720x720.jpg]
[templates.thememodern.com/engitech/images/projects/720x720/project11-720x720.jpg]
[templates.thememodern.com/engitech/images/projects/720x720/project12-720x720.jpg]
[templates.thememodern.com/engitech/portfolio-grid.html]
[templates.thememodern.com/engitech/portfolio-4-column.html]
[templates.thememodern.com/engitech/portfolio-no-gap.html]
[templates.thememodern.com/engitech/images/projects/project-single.jpg]
[templates.thememodern.com/engitech/images/projects/project-details-s1.png]
[templates.thememodern.com/engitech/images/projects/project-details-s2.png]
[templates.thememodern.com/engitech/images/comment-1.jpg]
[templates.thememodern.com/engitech/images/comment-2.jpg]
[templates.thememodern.com/engitech/portfolio-details-1.html]
[templates.thememodern.com/engitech/images/projects/project-details-2.jpg]
[templates.thememodern.com/engitech/images/recent-img-2.jpg]
[templates.thememodern.com/engitech/images/recent-img-1.jpg]
[templates.thememodern.com/engitech/portfolio-details-2.html]
[templates.thememodern.com/engitech/images/projects/project-gallery-1.jpg]
[templates.thememodern.com/engitech/images/projects/project-gallery-2.jpg]
[templates.thememodern.com/engitech/images/projects/project-gallery-3.jpg]
[templates.thememodern.com/engitech/images/projects/project-gallery-4.jpg]
[templates.thememodern.com/engitech/portfolio-details-3.html]
[templates.thememodern.com/engitech/images/blog4.jpg]
[templates.thememodern.com/engitech/images/blog-slide1.jpg]
[templates.thememodern.com/engitech/images/blog-slide2.jpg]
[templates.thememodern.com/engitech/images/blog-slide3.jpg]
[templates.thememodern.com/engitech/images/blog-video.jpg]
[templates.thememodern.com/engitech/images/author-widget.jpg]
[templates.thememodern.com/engitech/images/recent-img-3.jpg]
[templates.thememodern.com/engitech/images/ft-gallery-1.jpg]
[templates.thememodern.com/engitech/images/ft-gallery-2.jpg]
[templates.thememodern.com/engitech/images/ft-gallery-3.jpg]
[templates.thememodern.com/engitech/images/ft-gallery-4.jpg]
[templates.thememodern.com/engitech/images/ft-gallery-5.jpg]
[templates.thememodern.com/engitech/images/ft-gallery-6.jpg]
[templates.thememodern.com/engitech/images/promo-image.jpg]
[templates.thememodern.com/engitech/blog.html]
[templates.thememodern.com/engitech/images/blog/grid2.jpg]
[templates.thememodern.com/engitech/images/blog/grid3.jpg]
[templates.thememodern.com/engitech/images/blog/grid4.jpg]
[templates.thememodern.com/engitech/images/blog/grid5.jpg]
[templates.thememodern.com/engitech/images/blog/grid11.jpg]
[templates.thememodern.com/engitech/images/blog/grid12.jpg]
[templates.thememodern.com/engitech/images/blog/grid6.jpg]
[templates.thememodern.com/engitech/images/blog/grid7.jpg]
[templates.thememodern.com/engitech/images/blog/grid8.jpg]
[templates.thememodern.com/engitech/images/blog/grid9.jpg]
[templates.thememodern.com/engitech/images/blog/grid10.jpg]
[templates.thememodern.com/engitech/blog-grid.html]
[templates.thememodern.com/engitech/images/blog1.jpg]
[templates.thememodern.com/engitech/images/blog-post.png]
[templates.thememodern.com/engitech/reddit.com]
[templates.thememodern.com/engitech/images/author-post.jpg]
[templates.thememodern.com/engitech/images/relate-img-1.jpg]
[templates.thememodern.com/engitech/images/relate-img-2.jpg]
[templates.thememodern.com/engitech/post.html]
[templates.thememodern.com/engitech/contact.html]
[templates.thememodern.com/engitech/images/client-logos/client1.svg]
[templates.thememodern.com/engitech/images/client-logos/client2.svg]
[templates.thememodern.com/engitech/images/client-logos/client3.svg]
[templates.thememodern.com/engitech/images/client-logos/client5.svg]
[templates.thememodern.com/engitech/images/client-logos/client6.svg]
[templates.thememodern.com/engitech/fonts/fa-brands-400.svg]
[templates.thememodern.com/engitech/fonts/fa-regular-400.svg]
[templates.thememodern.com/engitech/fonts/fa-solid-900.svg]
[templates.thememodern.com/engitech/fonts/Flaticon.svg]
[templates.thememodern.com/engitech/css/Flaticon.html]
[templates.thememodern.com/engitech/css/owl.video.play.html]
[templates.thememodern.com/engitech/plugins/revolution/revolution/fonts/revicons/revicons90c6.svg]
[templates.thememodern.com/engitech/plugins/revolution/revolution/css/openhand.html]
[templates.thememodern.com/engitech/plugins/revolution/revolution/css/closedhand.html]
[templates.thememodern.com/engitech/services.html]
[templates.thememodern.com/engitech/portfolio.html]
[templates.thememodern.com/engitech/twitter.html]
[templates.thememodern.com/engitech/facebook.html]
[templates.thememodern.com/engitech/linkedin.html]
[templates.thememodern.com/engitech/instagram.html]
[templates.thememodern.com/engitech/images/logo-light.svg]
[templates.thememodern.com/engitech/pinterest.html]
[templates.thememodern.com/engitech/linkedin-2.html]
[templates.thememodern.com/engitech/pinterest-2.html]
[templates.thememodern.com/engitech/portfolio-details-3.html/index.html]
[templates.thememodern.com/engitech/bog.html]
[templates.thememodern.com/engitech/it.html]
[templates.thememodern.com/engitech/htportfolio-details-1.html]
[templates.thememodern.com/engitech/css/woocommerce.css]
[templates.thememodern.com/engitech/cart.html]
[templates.thememodern.com/engitech/checkout.html]
[templates.thememodern.com/engitech/single=product.html]
[templates.thememodern.com/engitech/css/drift-basic.min.css]
[templates.thememodern.com/engitech/web-development,html.html]
[templates.thememodern.com/engitech/reddit.html]
